=~=~=~=~=~=~=~=~=~=~=~= PuTTY log 2026.09.30 13:21:46 =~=~=~=~=~=~=~=~=~=~=~=
[DATA] seq=26[DATA] seq=63 t=12808 dist=252 mm st=0 sig=5171 kcps meas=37 ms
[DATA] seq=64 t=13008 dist=264 mm st=0 sig=4554 kcps meas=37 ms
[HB] tick=13141 q=0/8 drop=0 i2c_err=0 last_err=0
[DATA] seq=65 t=13208 dist=270 mm st=0 sig=4281 kcps meas=37 ms
[DATA] seq=66 t=13408 dist=269 mm st=0 sig=4554 kcps meas=37 ms
[DATA] seq=67 t=13608 dist=264 mm st=0 sig=4664 kcps meas=37 ms
[DATA] seq=68 t=13808 dist=256 mm st=0 sig=4710 kcps meas=37 ms
[DATA] seq=69 t=14008 dist=262 mm st=0 sig=4593 kcps meas=37 ms

=== f446-rtos-logger day2 boot ===
[I2C] VL53L0X @0x29: ACK
[HB] tick=1 q=0/8 drop=0 i2c_err=0 last_err=0
[VL] init OK spad=3 aperture=1 vhv=24 phase=1
[DATA] seq=0 t=208 dist=256 mm st=0 sig=4718 kcps meas=38 ms
[DATA] seq=1 t=408 dist=254 mm st=0 sig=4578 kcps meas=37 ms
[DATA] seq=2 t=608 dist=263 mm st=0 sig=4359 kcps meas=37 ms
[DATA] seq=3 t=808 dist=269 mm st=0 sig=4148 kcps meas=37 ms
[DATA] seq=4 t=1008 dist=269 mm st=0 sig=4171 kcps meas=37 ms
[HB] tick=1081 q=0/8 drop=0 i2c_err=0 last_err=0
[DATA] seq=5 t=1208 dist=277 mm st=0 sig=4195 kcps meas=37 ms
[DATA] seq=6 t=1408 dist=225 mm st=0 sig=5132 kcps meas=37 ms
[DATA] seq=7 t=1608 dist=156 mm st=0 sig=9648 kcps meas=37 ms
[DATA] seq=8 t=1808 dist=125 mm st=0 sig=15742 kcps meas=37 ms
[DATA] seq=9 t=2008 dist=102 mm st=0 sig=22960 kcps meas=37 ms
[HB] tick=2085 q=0/8 drop=0 i2c_err=0 last_err=0
[DATA] seq=10 t=2208 dist=96 mm st=0 sig=22406 kcps meas=37 ms
[DATA] seq=11 t=2408 dist=103 mm st=0 sig=20976 kcps meas=37 ms
[DATA] seq=12 t=2608 dist=125 mm st=0 sig=18281 kcps meas=37 ms
[DATA] seq=13 t=2808 dist=178 mm st=0 sig=7453 kcps meas=37 ms
[DATA] seq=14 t=3008 dist=238 mm st=0 sig=4789 kcps meas=37 ms
[HB] tick=3089 q=0/8 drop=0 i2c_err=0 last_err=0
[DATA] seq=15 t=3208 dist=257 mm st=0 sig=4257 kcps meas=37 ms
[DATA] seq=16 t=3408 dist=265 mm st=0 sig=4234 kcps meas=37 ms
[DATA] seq=17 t=3608 dist=264 mm st=0 sig=4101 kcps meas=37 ms
[DATA] seq=18 t=3808 dist=263 mm st=0 sig=4109 kcps meas=37 ms
[DATA] seq=19 t=4008 dist=270 mm st=0 sig=4031 kcps meas=37 ms
[HB] tick=4093 q=0/8 drop=0 i2c_err=0 last_err=0
[STK] min free bytes: LED=384 HB=1424 Sens=1164 Cons=1424
[DATA] seq=20 t=4208 dist=262 mm st=0 sig=4070 kcps meas=37 ms
[DATA] seq=21 t=4408 dist=241 mm st=0 sig=4265 kcps meas=37 ms
[DATA] seq=22 t=4608 dist=191 mm st=0 sig=6531 kcps meas=37 ms
[DATA] seq=23 t=4808 dist=149 mm st=0 sig=11476 kcps meas=37 ms
[DATA] seq=24 t=5008 dist=116 mm st=0 sig=21476 kcps meas=37 ms
[HB] tick=5103 q=0/8 drop=0 i2c_err=0 last_err=0
[DATA] seq=25 t=5208 dist=90 mm st=0 sig=23656 kcps meas=37 ms
[DATA] seq=26 t=5408 dist=78 mm st=0 sig=23507 kcps meas=37 ms
[DATA] seq=27 t=5608 dist=70 mm st=0 sig=23101 kcps meas=37 ms
[DATA] seq=28 t=5808 dist=75 mm st=0 sig=22320 kcps meas=37 ms
[DATA] seq=29 t=6008 dist=89 mm st=0 sig=20265 kcps meas=37 ms
[HB] tick=6107 q=0/8 drop=0 i2c_err=0 last_err=0
[DATA] seq=30 t=6208 dist=114 mm st=0 sig=19890 kcps meas=37 ms
[DATA] seq=31 t=6408 dist=111 mm st=0 sig=21164 kcps meas=37 ms
[DATA] seq=32 t=6608 dist=87 mm st=0 sig=24343 kcps meas=37 ms
[DATA] seq=33 t=6808 dist=63 mm st=0 sig=26070 kcps meas=37 ms
[DATA] seq=34 t=7008 dist=59 mm st=0 sig=24023 kcps meas=37 ms
[HB] tick=7111 q=0/8 drop=0 i2c_err=0 last_err=0
[DATA] seq=35 t=7208 dist=54 mm st=0 sig=25484 kcps meas=37 ms
[DATA] seq=36 t=7408 dist=55 mm st=0 sig=23890 kcps meas=37 ms
[DATA] seq=37 t=7608 dist=62 mm st=0 sig=21921 kcps meas=37 ms
[DATA] seq=38 t=7808 dist=72 mm st=0 sig=21554 kcps meas=37 ms
[DATA] seq=39 t=8008 dist=82 mm st=0 sig=21351 kcps meas=37 ms
[HB] tick=8115 q=0/8 drop=0 i2c_err=0 last_err=0
[DATA] seq=40 t=8208 dist=109 mm st=0 sig=19851 kcps meas=37 ms
[DATA] seq=41 t=8408 dist=137 mm st=0 sig=13117 kcps meas=37 ms
[DATA] seq=42 t=8608 dist=142 mm st=0 sig=11609 kcps meas=37 ms
[DATA] seq=43 t=8808 dist=129 mm st=0 sig=13742 kcps meas=37 ms
[DATA] seq=44 t=9008 dist=112 mm st=0 sig=20835 kcps meas=37 ms
[HB] tick=9119 q=0/8 drop=0 i2c_err=0 last_err=0
[STK] min free bytes: LED=384 HB=1424 Sens=1164 Cons=1424
[DATA] seq=45 t=9208 dist=102 mm st=0 sig=21882 kcps meas=37 ms
[DATA] seq=46 t=9408 dist=78 mm st=0 sig=25015 kcps meas=37 ms
[DATA] seq=47 t=9608 dist=65 mm st=0 sig=23351 kcps meas=37 ms
[DATA] seq=48 t=9808 dist=63 mm st=0 sig=25109 kcps meas=37 ms
[DATA] seq=49 t=10008 dist=72 mm st=0 sig=22000 kcps meas=37 ms
[HB] tick=10129 q=0/8 drop=0 i2c_err=0 last_err=0
[DATA] seq=50 t=10208 dist=67 mm st=0 sig=25796 kcps meas=37 ms
[DATA] seq=51 t=10408 dist=65 mm st=0 sig=22171 kcps meas=37 ms
[DATA] seq=52 t=10608 dist=62 mm st=0 sig=24046 kcps meas=37 ms
[DATA] seq=53 t=10808 dist=61 mm st=0 sig=22718 kcps meas=37 ms
[DATA] seq=54 t=11008 dist=57 mm st=0 sig=24015 kcps meas=37 ms
[HB] tick=11133 q=0/8 drop=0 i2c_err=0 last_err=0
[DATA] seq=55 t=11208 dist=54 mm st=0 sig=24460 kcps meas=37 ms
[DATA] seq=56 t=11408 dist=56 mm st=0 sig=25789 kcps meas=37 ms
[DATA] seq=57 t=11608 dist=52 mm st=0 sig=25476 kcps meas=37 ms
[DATA] seq=58 t=11808 dist=55 mm st=0 sig=25671 kcps meas=37 ms
[DATA] seq=59 t=12008 dist=55 mm st=0 sig=25312 kcps meas=37 ms
[HB] tick=12137 q=0/8 drop=0 i2c_err=0 last_err=0
[DATA] seq=60 t=12208 dist=52 mm st=0 sig=25804 kcps meas=37 ms
[DATA] seq=61 t=12408 dist=54 mm st=0 sig=25835 kcps meas=37 ms
[DATA] seq=62 t=12608 dist=55 mm st=0 sig=23734 kcps meas=37 ms
[DATA] seq=63 t=12808 dist=59 mm st=0 sig=23625 kcps meas=37 ms
[DATA] seq=64 t=13008 dist=82 mm st=0 sig=20851 kcps meas=37 ms
[HB] tick=13141 q=0/8 drop=0 i2c_err=0 last_err=0
[DATA] seq=65 t=13208 dist=109 mm st=0 sig=19929 kcps meas=37 ms
[DATA] seq=66 t=13408 dist=151 mm st=0 sig=11265 kcps meas=37 ms
[DATA] seq=67 t=13608 dist=194 mm st=0 sig=6289 kcps meas=37 ms
[DATA] seq=68 t=13808 dist=209 mm st=0 sig=5617 kcps meas=37 ms
[DATA] seq=69 t=14008 dist=170 mm st=0 sig=8312 kcps meas=37 ms
[HB] tick=14145 q=0/8 drop=0 i2c_err=0 last_err=0
[STK] min free bytes: LED=384 HB=1424 Sens=1164 Cons=1424
[DATA] seq=70 t=14208 dist=119 mm st=0 sig=21367 kcps meas=37 ms
[DATA] seq=71 t=14408 dist=93 mm st=0 sig=23109 kcps meas=37 ms
[DATA] seq=72 t=14608 dist=81 mm st=0 sig=22742 kcps meas=37 ms
[DATA] seq=73 t=14808 dist=72 mm st=0 sig=23320 kcps meas=37 ms
[DATA] seq=74 t=15008 dist=69 mm st=0 sig=22851 kcps meas=37 ms
[HB] tick=15155 q=0/8 drop=0 i2c_err=0 last_err=0
[DATA] seq=75 t=15208 dist=72 mm st=0 sig=22593 kcps meas=37 ms
[DATA] seq=76 t=15408 dist=78 mm st=0 sig=22187 kcps meas=37 ms
[DATA] seq=77 t=15608 dist=91 mm st=0 sig=20953 kcps meas=37 ms
[DATA] seq=78 t=15808 dist=98 mm st=0 sig=21484 kcps meas=37 ms
[DATA] seq=79 t=16008 dist=112 mm st=0 sig=20992 kcps meas=37 ms
[HB] tick=16159 q=0/8 drop=0 i2c_err=0 last_err=0
[DATA] seq=80 t=16208 dist=122 mm st=0 sig=19921 kcps meas=37 ms
[DATA] seq=81 t=16408 dist=127 mm st=0 sig=17445 kcps meas=37 ms
[DATA] seq=82 t=16608 dist=144 mm st=0 sig=12562 kcps meas=37 ms
[DATA] seq=83 t=16808 dist=197 mm st=0 sig=6132 kcps meas=37 ms
[DATA] seq=84 t=17008 dist=194 mm st=0 sig=6328 kcps meas=37 ms
[HB] tick=17163 q=0/8 drop=0 i2c_err=0 last_err=0
[DATA] seq=85 t=17208 dist=172 mm st=0 sig=8882 kcps meas=37 ms
[DATA] seq=86 t=17408 dist=165 mm st=0 sig=8492 kcps meas=37 ms
[DATA] seq=87 t=17608 dist=158 mm st=0 sig=9554 kcps meas=37 ms
[DATA] seq=88 t=17808 dist=185 mm st=0 sig=6820 kcps meas=37 ms
[DATA] seq=89 t=18008 dist=186 mm st=0 sig=6507 kcps meas=37 ms
[HB] tick=18167 q=0/8 drop=0 i2c_err=0 last_err=0
[DATA] seq=90 t=18208 dist=172 mm st=0 sig=7390 kcps meas=37 ms
[DATA] seq=91 t=18408 dist=175 mm st=0 sig=8757 kcps meas=37 ms
[DATA] seq=92 t=18608 dist=164 mm st=0 sig=9359 kcps meas=37 ms
[DATA] seq=93 t=18808 dist=167 mm st=0 sig=8953 kcps meas=37 ms
[DATA] seq=94 t=19008 dist=152 mm st=0 sig=10609 kcps meas=37 ms
[HB] tick=19171 q=0/8 drop=0 i2c_err=0 last_err=0
[STK] min free bytes: LED=384 HB=1424 Sens=1164 Cons=1424
[DATA] seq=95 t=19208 dist=104 mm st=0 sig=23960 kcps meas=37 ms
[DATA] seq=96 t=19408 dist=73 mm st=0 sig=23468 kcps meas=37 ms
[DATA] seq=97 t=19608 dist=69 mm st=0 sig=24164 kcps meas=37 ms
[DATA] seq=98 t=19808 dist=83 mm st=0 sig=20609 kcps meas=37 ms
[DATA] seq=99 t=20008 dist=109 mm st=0 sig=20453 kcps meas=37 ms
[HB] tick=20181 q=0/8 drop=0 i2c_err=0 last_err=0
[DATA] seq=100 t=20208 dist=143 mm st=0 sig=13359 kcps meas=37 ms
[DATA] seq=101 t=20408 dist=184 mm st=0 sig=6945 kcps meas=37 ms
[DATA] seq=102 t=20608 dist=209 mm st=0 sig=5601 kcps meas=37 ms
[DATA] seq=103 t=20808 dist=219 mm st=0 sig=4781 kcps meas=37 ms
[DATA] seq=104 t=21008 dist=239 mm st=0 sig=4281 kcps meas=37 ms
[HB] tick=21185 q=0/8 drop=0 i2c_err=0 last_err=0
[DATA] seq=105 t=21208 dist=236 mm st=0 sig=4062 kcps meas=37 ms
[DATA] seq=106 t=21408 dist=225 mm st=0 sig=4875 kcps meas=37 ms
[DATA] seq=107 t=21608 dist=191 mm st=0 sig=6781 kcps meas=37 ms
[DATA] seq=108 t=21808 dist=147 mm st=0 sig=12671 kcps meas=37 ms
[DATA] seq=109 t=22008 dist=114 mm st=0 sig=22718 kcps meas=37 ms
[HB] tick=22189 q=0/8 drop=0 i2c_err=0 last_err=0
[DATA] seq=110 t=22208 dist=84 mm st=0 sig=22929 kcps meas=37 ms
[DATA] seq=111 t=22408 dist=71 mm st=0 sig=23976 kcps meas=37 ms
[DATA] seq=112 t=22608 dist=67 mm st=0 sig=22437 kcps meas=37 ms
[DATA] seq=113 t=22808 dist=83 mm st=0 sig=20039 kcps meas=37 ms
[DATA] seq=114 t=23008 dist=134 mm st=0 sig=16031 kcps meas=37 ms
[HB] tick=23193 q=0/8 drop=0 i2c_err=0 last_err=0
[DATA] seq=115 t=23208 dist=215 mm st=0 sig=5093 kcps meas=37 ms
[DATA] seq=116 t=23408 dist=299 mm st=0 sig=3054 kcps meas=37 ms
[DATA] seq=117 t=23608 dist=310 mm st=0 sig=3000 kcps meas=37 ms
[DATA] seq=118 t=23808 dist=304 mm st=0 sig=2929 kcps meas=37 ms
[DATA] seq=119 t=24008 dist=305 mm st=0 sig=3132 kcps meas=37 ms
[HB] tick=24197 q=0/8 drop=0 i2c_err=0 last_err=0
[STK] min free bytes: LED=384 HB=1424 Sens=1164 Cons=1424
[DATA] seq=120 t=24208 dist=302 mm st=0 sig=2882 kcps meas=37 ms
[DATA] seq=121 t=24408 dist=321 mm st=0 sig=2226 kcps meas=37 ms
[DATA] seq=122 t=24608 dist=363 mm st=0 sig=1664 kcps meas=37 ms
[DATA] seq=123 t=24808 dist=420 mm st=0 sig=1007 kcps meas=37 ms
[DATA] seq=124 t=25008 dist=460 mm st=0 sig=562 kcps meas=37 ms
[HB] tick=25207 q=0/8 drop=0 i2c_err=0 last_err=0
[DATA] seq=125 t=25208 dist=483 mm st=0 sig=382 kcps meas=37 ms
[DATA] seq=126 t=25408 dist=469 mm st=0 sig=414 kcps meas=37 ms
[DATA] seq=127 t=25608 dist=8191 mm st=2 sig=140 kcps meas=37 ms
[DATA] seq=128 t=25808 dist=8191 mm st=2 sig=62 kcps meas=37 ms
[DATA] seq=129 t=26008 dist=8191 mm st=2 sig=101 kcps meas=37 ms
[HB] tick=26214 q=0/8 drop=0 i2c_err=0 last_err=0
[DATA] seq=130 t=26208 dist=8191 mm st=2 sig=187 kcps meas=37 ms
[DATA] seq=131 t=26408 dist=8191 mm st=2 sig=164 kcps meas=37 ms
[DATA] seq=132 t=26608 dist=8191 mm st=2 sig=234 kcps meas=37 ms
[DATA] seq=133 t=26808 dist=8191 mm st=2 sig=132 kcps meas=37 ms
[DATA] seq=134 t=27008 dist=8191 mm st=2 sig=39 kcps meas=37 ms
[HB] tick=27219 q=0/8 drop=0 i2c_err=0 last_err=0
[DATA] seq=135 t=27208 dist=8191 mm st=2 sig=187 kcps meas=37 ms
[DATA] seq=136 t=27408 dist=8191 mm st=2 sig=140 kcps meas=37 ms
[DATA] seq=137 t=27608 dist=8191 mm st=2 sig=140 kcps meas=37 ms
[DATA] seq=138 t=27808 dist=8191 mm st=2 sig=156 kcps meas=37 ms
[DATA] seq=139 t=28008 dist=349 mm st=0 sig=664 kcps meas=37 ms
[HB] tick=28224 q=0/8 drop=0 i2c_err=0 last_err=0
[DATA] seq=140 t=28208 dist=319 mm st=0 sig=1632 kcps meas=37 ms
[DATA] seq=141 t=28408 dist=291 mm st=0 sig=2570 kcps meas=37 ms
[DATA] seq=142 t=28608 dist=269 mm st=0 sig=2640 kcps meas=37 ms
[DATA] seq=143 t=28808 dist=304 mm st=0 sig=2117 kcps meas=37 ms
[DATA] seq=144 t=29008 dist=328 mm st=0 sig=1898 kcps meas=37 ms
[HB] tick=29229 q=0/8 drop=0 i2c_err=0 last_err=0
[STK] min free bytes: LED=384 HB=1424 Sens=1164 Cons=1424
[DATA] seq=145 t=29208 dist=357 mm st=0 sig=1546 kcps meas=37 ms
[DATA] seq=146 t=29408 dist=341 mm st=0 sig=1554 kcps meas=37 ms
[DATA] seq=147 t=29608 dist=228 mm st=0 sig=3429 kcps meas=37 ms
[DATA] seq=148 t=29808 dist=279 mm st=0 sig=3140 kcps meas=37 ms
[DATA] seq=149 t=30008 dist=178 mm st=0 sig=6789 kcps meas=37 ms
[HB] tick=30241 q=0/8 drop=0 i2c_err=0 last_err=0
[DATA] seq=150 t=30208 dist=152 mm st=0 sig=9140 kcps meas=37 ms
[DATA] seq=151 t=30408 dist=158 mm st=0 sig=9023 kcps meas=37 ms
[DATA] seq=152 t=30608 dist=165 mm st=0 sig=8257 kcps meas=37 ms
[DATA] seq=153 t=30808 dist=154 mm st=0 sig=8687 kcps meas=37 ms
[DATA] seq=154 t=31008 dist=159 mm st=0 sig=8179 kcps meas=37 ms
[DATA] seq=155 t=31208 dist=159 mm st=0 sig=7523 kcps meas=37 ms
[HB] tick=31254 q=0/8 drop=0 i2c_err=0 last_err=0
[DATA] seq=156 t=31408 dist=177 mm st=0 sig=6750 kcps meas=37 ms
[DATA] seq=157 t=31608 dist=177 mm st=0 sig=6351 kcps meas=37 ms
[DATA] seq=158 t=31808 dist=164 mm st=0 sig=7679 kcps meas=37 ms
[DATA] s