=~=~=~=~=~=~=~=~=~=~=~= PuTTY log 2026.09.28 15:19:44 =~=~=~=~=~=~=~=~=~=~=~=

=== f446-rtos-logger day1 boot ===
[DATA] seq=0 t=0 temp=24.00 C dist=100 mm
[HB] tick=3 q=0/8 drop=0
[DATA] seq=1 t=200 temp=24.10 C dist=137 mm
[DATA] seq=2 t=400 temp=24.20 C dist=174 mm
[DATA] seq=3 t=600 temp=24.30 C dist=211 mm
[DATA] seq=4 t=800 temp=24.40 C dist=248 mm
[DATA] seq=5 t=1000 temp=24.50 C dist=285 mm
[HB] tick=1006 q=0/8 drop=0
[DATA] seq=6 t=1200 temp=24.60 C dist=322 mm
[DATA] seq=7 t=1400 temp=24.70 C dist=359 mm
[DATA] seq=8 t=1600 temp=24.80 C dist=396 mm
[DATA] seq=9 t=1800 temp=24.90 C dist=433 mm
[DATA] seq=10 t=2000 temp=25.00 C dist=470 mm
[HB] tick=2008 q=0/8 drop=0
[DATA] seq=11 t=2200 temp=25.10 C dist=507 mm
[DATA] seq=12 t=2400 temp=25.20 C dist=544 mm
[DATA] seq=13 t=2600 temp=25.30 C dist=581 mm
[DATA] seq=14 t=2800 temp=25.40 C dist=618 mm
[DATA] seq=15 t=3000 temp=25.50 C dist=655 mm
[HB] tick=3010 q=0/8 drop=0
[DATA] seq=16 t=3200 temp=25.60 C dist=692 mm
[DATA] seq=17 t=3400 temp=25.70 C dist=729 mm
[DATA] seq=18 t=3600 temp=25.80 C dist=766 mm
[DATA] seq=19 t=3800 temp=25.90 C dist=803 mm
[DATA] seq=20 t=4000 temp=26.00 C dist=840 mm
[HB] tick=4012 q=0/8 drop=0
[STK] min free bytes: LED=384 HB=1432 Prod=792 Cons=1432
[DATA] seq=21 t=4200 temp=25.90 C dist=877 mm
[DATA] seq=22 t=4400 temp=25.80 C dist=914 mm
[DATA] seq=23 t=4600 temp=25.70 C dist=951 mm
[DATA] seq=24 t=4800 temp=25.60 C dist=988 mm
[DATA] seq=25 t=5000 temp=25.50 C dist=125 mm
[HB] tick=5020 q=0/8 drop=0
[DATA] seq=26 t=5200 temp=25.40 C dist=162 mm
[DATA] seq=27 t=5400 temp=25.30 C dist=199 mm
[DATA] seq=28 t=5600 temp=25.20 C dist=236 mm
[DATA] seq=29 t=5800 temp=25.10 C dist=273 mm
[DATA] seq=30 t=6000 temp=25.00 C dist=310 mm
[HB] tick=6022 q=0/8 drop=0
[DATA] seq=31 t=6200 temp=24.90 C dist=347 mm
[DATA] seq=32 t=6400 temp=24.80 C dist=384 mm
[DATA] seq=33 t=6600 temp=24.70 C dist=421 mm
[DATA] seq=34 t=6800 temp=24.60 C dist=458 mm
[DATA] seq=35 t=7000 temp=24.50 C dist=495 mm
[HB] tick=7024 q=0/8 drop=0
[DATA] seq=36 t=7200 temp=24.40 C dist=532 mm
[DATA] seq=37 t=7400 temp=24.30 C dist=569 mm
[DATA] seq=38 t=7600 temp=24.20 C dist=606 mm
[DATA] seq=39 t=7800 temp=24.10 C dist=643 mm
[DATA] seq=40 t=8000 temp=24.00 C dist=680 mm
[HB] tick=8026 q=0/8 drop=0
[DATA] seq=41 t=8200 temp=24.10 C dist=717 mm
[DATA] seq=42 t=8400 temp=24.20 C dist=754 mm
[DATA] seq=43 t=8600 temp=24.30 C dist=791 mm
[DATA] seq=44 t=8800 temp=24.40 C dist=828 mm
[DATA] seq=45 t=9000 temp=24.50 C dist=865 mm
[HB] tick=9028 q=0/8 drop=0
[STK] min free bytes: LED=384 HB=1432 Prod=792 Cons=1432
[DATA] seq=46 t=9200 temp=24.60 C dist=902 mm
[DATA] seq=47 t=9400 temp=24.70 C dist=939 mm
[DATA] seq=48 t=9600 temp=24.80 C dist=976 mm
[DATA] seq=49 t=9800 temp=24.90 C dist=113 mm
[DATA] seq=50 t=10000 temp=25.00 C dist=150 mm
[HB] tick=10036 q=0/8 drop=0
[DATA] seq=51 t=10200 temp=25.10 C dist=187 mm
[DATA] seq=52 t=10400 temp=25.20 C dist=224 mm
[DATA] seq=53 t=10600 temp=25.30 C dist=261 mm
[DATA] seq=54 t=10800 temp=25.40 C dist=298 mm
[DATA] seq=55 t=11000 temp=25.50 C dist=335 mm
[HB] tick=11038 q=0/8 drop=0
[DATA] seq=56 t=11200 temp=25.60 C dist=372 mm
[DATA] seq=57 t=11400 temp=25.70 C dist=409 mm
[DATA] seq=58 t=11600 temp=25.80 C dist=446 mm
[DATA] seq=59 t=11800 temp=25.90 C dist=483 mm
[DATA] seq=60 t=12000 temp=26.00 C dist=520 mm
[HB] tick=12040 q=0/8 drop=0
[DATA] seq=61 t=12200 temp=25.90 C dist=557 mm
[DATA] seq=62 t=12400 temp=25.80 C dist=594 mm
[DATA] seq=63 t=12600 temp=25.70 C dist=631 mm
[DATA] seq=64 t=12800 temp=25.60 C dist=668 mm
[DATA] seq=65 t=13000 temp=25.50 C dist=705 mm
[HB] tick=13042 q=0/8 drop=0
[DATA] seq=66 t=13200 temp=25.40 C dist=742 mm
[DATA] seq=67 t=13400 temp=25.30 C dist=779 mm
[DATA] seq=68 t=13600 temp=25.20 C dist=816 mm
[DATA] seq=69 t=13800 temp=25.10 C dist=853 mm
[DATA] seq=70 t=14000 temp=25.00 C dist=890 mm
[HB] tick=14044 q=0/8 drop=0
[STK] min free bytes: LED=384 HB=1432 Prod=792 Cons=1432
[DATA] seq=71 t=14200 temp=24.90 C dist=927 mm
[DATA] seq=72 t=14400 temp=24.80 C dist=964 mm
[DATA] seq=73 t=14600 temp=24.70 C dist=101 mm
[DATA] seq=74 t=14800 temp=24.60 C dist=138 mm
[DATA] seq=75 t=15000 temp=24.50 C dist=175 mm
[HB] tick=15052 q=0/8 drop=0
[DATA] seq=76 t=15200 temp=24.40 C dist=212 mm
[DATA] seq=77 t=15400 temp=24.30 C dist=249 mm
[DATA] seq=78 t=15600 temp=24.20 C dist=286 mm
[DATA] seq=79 t=15800 temp=24.10 C dist=323 mm
[DATA] seq=80 t=16000 temp=24.00 C dist=360 mm
[HB] tick=16054 q=0/8 drop=0
[DATA] seq=81 t=16200 temp=24.10 C dist=397 mm
[DATA] seq=82 t=16400 temp=24.20 C dist=434 mm
[DATA] seq=83 t=16600 temp=24.30 C dist=471 mm
[DATA] seq=84 t=16800 temp=24.40 C dist=508 mm
[DATA] seq=85 t=17000 temp=24.50 C dist=545 mm
[HB] tick=17056 q=0/8 drop=0
[DATA] seq=86 t=17200 temp=24.60 C dist=582 mm
[DATA] seq=87 t=17400 temp=24.70 C dist=619 mm
[DATA] seq=88 t=17600 temp=24.80 C dist=656 mm
[DATA] seq=89 t=17800 temp=24.90 C dist=693 mm
[DATA] seq=90 t=18000 temp=25.00 C dist=730 mm
[HB] tick=18058 q=0/8 drop=0
[DATA] seq=91 t=18200 temp=25.10 C dist=767 mm
[DATA] seq=92 t=18400 temp=25.20 C dist=804 mm
[DATA] seq=93 t=18600 temp=25.30 C dist=841 mm
[DATA] seq=94 t=18800 temp=25.40 C dist=878 mm
[DATA] seq=95 t=19000 temp=25.50 C dist=915 mm
[HB] tick=19060 q=0/8 drop=0
[STK] min free bytes: LED=384 HB=1432 Prod=792 Cons=1432
[DATA] seq=96 t=19200 temp=25.60 C dist=952 mm
[DATA] seq=97 t=19400 temp=25.70 C dist=989 mm
[DATA] seq=98 t=19600 temp=25.80 C dist=126 mm
[DATA] seq=99 t=19800 temp=25.90 C dist=163 mm
[DATA] seq=100 t=20000 temp=26.00 C dist=200 mm
[HB] tick=20068 q=0/8 drop=0
[DATA] seq=101 t=20200 temp=25.90 C dist=237 mm
[DATA] seq=102 t=20400 temp=25.80 C dist=274 mm
[DATA] seq=103 t=20600 temp=25.70 C dist=311 mm
[DATA] seq=104 t=20800 temp=25.60 C dist=348 mm
[DATA] seq=105 t=21000 temp=25.50 C dist=385 mm
[HB] tick=21070 q=0/8 drop=0
[DATA] seq=106 t=21200 temp=25.40 C dist=422 mm
[DATA] seq=107 t=21400 temp=25.30 C dist=459 mm
[DATA] seq=108 t=21600 temp=25.20 C dist=496 mm
[DATA] seq=109 t=21800 temp=25.10 C dist=533 mm
[DATA] seq=110 t=22000 temp=25.00 C dist=570 mm
[HB] tick=22072 q=0/8 drop=0
[DATA] seq=111 t=22200 temp=24.90 C dist=607 mm
[DATA] seq=112 t=22400 temp=24.80 C dist=644 mm
[DATA] seq=113 t=22600 temp=24.70 C dist=681 mm
[DATA] seq=114 t=22800 temp=24.60 C dist=718 mm
[DATA] seq=115 t=23000 temp=24.50 C dist=755 mm
[HB] tick=23074 q=0/8 drop=0
[DATA] seq=116 t=23200 temp=24.40 C dist=792 mm
[DATA] seq=117 t=23400 temp=24.30 C dist=829 mm
[DATA] seq=118 t=23600 temp=24.20 C dist=866 mm
[DATA] seq=119 t=23800 temp=24.10 C dist=903 mm
[DATA] seq=120 t=24000 temp=24.00 C dist=940 mm
[HB] tick=24076 q=0/8 drop=0
[STK] min free bytes: LED=384 HB=1432 Prod=792 Cons=1432
[DATA] seq=121 t=24200 temp=24.10 C dist=977 mm
[DATA] seq=122 t=24400 temp=24.20 C dist=114 mm
[DATA] seq=123 t=24600 temp=24.30 C dist=151 mm
[DATA] seq=124 t=24800 temp=24.40 C dist=188 mm
[DATA] seq=125 t=25000 temp=24.50 C dist=225 mm
[HB] tick=25084 q=0/8 drop=0
[DATA] seq=126 t=25200 temp=24.60 C dist=262 mm
[DATA] seq=127 t=25400 temp=24.70 C dist=299 mm
[DATA] seq=128 t=25600 temp=24.80 C dist=336 mm
[DATA] seq=129 t=25800 temp=24.90 C dist=373 mm
[DATA] seq=130 t=26000 temp=25.00 C dist=410 mm
[HB] tick=26086 q=0/8 drop=0
[DATA] seq=131 t=26200 temp=25.10 C dist=447 mm
[DATA] seq=132 t=26400 temp=25.20 C dist=484 mm
[DATA] seq=133 t=26600 temp=25.30 C dist=521 mm
[DATA] seq=134 t=26800 temp=25.40 C dist=558 mm
[DATA] seq=135 t=27000 temp=25.50 C dist=595 mm
[HB] tick=27088 q=0/8 drop=0
[DATA] seq=136 t=27200 temp=25.60 C dist=632 mm
[DATA] seq=137 t=27400 temp=25.70 C dist=669 mm
[DATA] seq=138 t=27600 temp=25.80 C dist=706 mm
[DATA] seq=139 t=27800 temp=25.90 C dist=743 mm
[DATA] seq=140 t=28000 temp=26.00 C dist=780 mm
[HB] tick=28090 q=0/8 drop=0
[DATA] seq=141 t=28200 temp=25.90 C dist=817 mm
[DATA] seq=142 t=28400 temp=25.80 C dist=854 mm
[DATA] seq=143 t=28600 temp=25.70 C dist=891 mm
[DATA] seq=144 t=28800 temp=25.60 C dist=928 mm
[DATA] seq=145 t=29000 temp=25.50 C dist=965 mm
[HB] tick=29092 q=0/8 drop=0
[STK] min free bytes: LED=384 HB=1432 Prod=792 Cons=1432
[DATA] seq=146 t=29200 temp=25.40 C dist=102 mm
[DATA] seq=147 t=29400 temp=25.30 C dist=139 mm
[DATA] seq=148 t=29600 temp=25.20 C dist=176 mm
[DATA] seq=149 t=29800 temp=25.10 C dist=213 mm
[DATA] seq=150 t=30000 temp=25.00 C dist=250 mm
[HB] tick=30100 q=0/8 drop=0
[DATA] seq=151 t=30200 temp=24.90 C dist=287 mm
[DATA] seq=152 t=30400 temp=24.80 C dist=324 mm
[DATA] seq=153 t=30600 temp=24.70 C dist=361 mm
[DATA] seq=154 t=30800 temp=24.60 C dist=398 mm
[DATA] seq=155 t=31000 temp=24.50 C dist=435 mm
[HB] tick=31102 q=0/8 drop=0
[DATA] seq=156 t=31200 temp=24.40 C dist=472 mm
[DATA] seq=157 t=31400 temp=24.30 C dist=509 mm
[DATA] seq=158 t=31600 temp=24.20 C dist=546 mm
[DATA] seq=159 t=31800 temp=24.10 C dist=583 mm
[DATA] seq=160 t=32000 temp=24.00 C dist=620 mm
[HB] tick=32104 q=0/8 drop=0
[DATA] seq=161 t=32200 temp=24.10 C dist=657 mm
[DATA] seq=162 t=32400 temp=24.20 C dist=694 mm
[DATA] seq=163 t=32600 temp=24.30 C dist=731 mm
[DATA] seq=164 t=32800 temp=24.40 C dist=768 mm
[DATA] seq=165 t=33000 temp=24.50 C dist=805 mm
[HB] tick=33106 q=0/8 drop=0
[DATA] seq=166 t=33200 temp=24.60 C dist=842 mm
[DATA] seq=167 t=33400 temp=24.70 C dist=879 mm
[DATA] seq=168 t=33600 temp=24.80 C dist=916 mm
[DATA] seq=169 t=33800 temp=24.90 C dist=953 mm
[DATA] seq=170 t=34000 temp=25.00 C dist=990 mm
[HB] tick=34108 q=0/8 drop=0
[STK] min free bytes: LED=384 HB=1432 Prod=792 Cons=1432
[DATA] seq=171 t=34200 temp=25.10 C dist=127 mm
[DATA] seq=172 t=34400 temp=25.20 C dist=164 mm
[DATA] seq=173 t=34600 temp=25.30 C dist=201 mm
[DATA] seq=174 t=34800 temp=25.40 C dist=238 mm
[DATA] seq=175 t=35000 temp=25.50 C dist=275 mm
[HB] tick=35116 q=0/8 drop=0
[DATA] seq=176 t=35200 temp=25.60 C dist=312 mm
[DATA] seq=177 t=35400 temp=25.70 C dist=349 mm
[DATA] seq=178 t=35600 temp=25.80 C dist=386 mm
[DATA] seq=179 t=35800 temp=25.90 C dist=423 mm
[DATA] seq=180 t=36000 temp=26.00 C dist=460 mm
[HB] tick=36118 q=0/8 drop=0
[DATA] seq=181 t=36200 temp=25.90 C dist=497 mm
[DATA] seq=182 t=36400 temp=25.80 C dist=534 mm
[DATA] seq=183 t=36600 temp=25.70 C dist=571 mm
[DATA] seq=184 t=36800 temp=25.60 C dist=608 mm
[DATA] seq=185 t=37000 temp=25.50 C dist=645 mm
[HB] tick=37120 q=0/8 drop=0
[DATA] seq=186 t=37200 temp=25.40 C dist=682 mm
[DATA] seq=187 t=37400 temp=25.30 C dist=719 mm
[DATA] seq=188 t=37600 temp=25.20 C dist=756 mm
[DATA] seq=189 t=37800 temp=25.10 C dist=793 mm
[DATA] seq=190 t=38000 temp=25.00 C dist=830 mm
[HB] tick=38122 q=0/8 drop=0
[DATA] seq=191 t=38200 temp=24.90 C dist=867 mm
[DATA] seq=192 t=38400 temp=24.80 C dist=904 mm
[DATA] seq=193 t=38600 temp=24.70 C dist=941 mm
[DATA] seq=194 t=38800 temp=24.60 C dist=978 mm
[DATA] seq=195 t=39000 temp=24.50 C dist=115 mm
[HB] tick=39124 q=0/8 drop=0
[STK] min free bytes: LED=384 HB=1432 Prod=792 Cons=1432
[DATA] seq=196 t=39200 temp=24.40 C dist=152 mm
[DATA] seq=197 t=39400 temp=24.30 C dist=189 mm
[DATA] seq=198 t=39600 temp=24.20 C dist=226 mm
[DATA] seq=199 t=39800 temp=24.10 C dist=263 mm
[DATA] seq=200 t=40000 temp=24.00 C dist=300 mm
[HB] tick=40132 q=0/8 drop=0
[DATA] seq=201 t=40200 temp=24.10 C dist=337 mm
[DATA] seq=202 t=40400 temp=24.20 C dist=374 mm
[DATA] seq=203 t=40600 temp=24.30 C dist=411 mm
[DATA] seq=204 t=40800 temp=24.40 C dist=448 mm
[DATA] seq=205 t=41000 temp=24.50 C dist=485 mm
[HB] tick=41134 q=0/8 drop=0
[DATA] seq=206 t=41200 temp=24.60 C dist=522 mm
[DATA] seq=207 t=41400 temp=24.70 C dist=559 mm
[DATA] seq=208 t=41600 temp=24.80 C dist=596 mm
[DATA] seq=209 t=41800 temp=24.90 C dist=633 mm
[DATA] seq=210 t=42000 temp=25.00 C dist=670 mm
[HB] tick=42136 q=0/8 drop=0
[DATA] seq=211 t=42200 temp=25.10 C dist=707 mm
[DATA] seq=212 t=42400 temp=25.20 C dist=744 mm
[DATA] seq=213 t=42600 temp=25.30 C dist=781 mm
[DATA] seq=214 t=42800 temp=25.40 C dist=818 mm
[DATA] seq=215 t=43000 temp=25.50 C dist=855 mm
[HB] tick=43138 q=0/8 drop=0
[DATA] seq=216 t=43200 temp=25.60 C dist=892 mm
[DATA] seq=217 t=43400 temp=25.70 C dist=929 mm
[DATA] seq=218 t=43600 temp=25.80 C dist=966 mm
[DATA] seq=219 t=43800 temp=25.90 C dist=103 mm
[DATA] seq=220 t=44000 temp=26.00 C dist=140 mm
[HB] tick=44140 q=0/8 drop=0
[STK] min free bytes: LED=384 HB=1432 Prod=792 Cons=1432
[DATA] seq=221 t=44200 temp=25.90 C dist=177 mm
[DATA] seq=222 t=44400 temp=25.80 C dist=214 mm
[DATA] seq=223 t=44600 temp=25.70 C dist=251 mm
[DATA] seq=224 t=44800 temp=25.60 C dist=288 mm
[DATA] seq=225 t=45000 temp=25.50 C dist=325 mm
[HB] tick=45148 q=0/8 drop=0
[DATA] seq=226 t=45200 temp=25.40 C dist=362 mm
[DATA] seq=227 t=45400 temp=25.30 C dist=399 mm
[DATA] seq=228 t=45600 temp=25.20 C dist=436 mm
[DATA] seq=229 t=45800 temp=25.10 C dist=473 mm
[DATA] seq=230 t=46000 temp=25.00 C dist=510 mm
[HB] tick=46150 q=0/8 drop=0
[DATA] seq=231 t=46200 temp=24.90 C dist=547 mm
[DATA] seq=232 t=46400 temp=24.80 C dist=584 mm
[DATA] seq=233 t=46600 temp=24.70 C dist=621 mm
[DATA] seq=234 t=46800 temp=24.60 C dist=658 mm
[DATA] seq=235 t=47000 temp=24.50 C dist=695 mm
[HB] tick=47152 q=0/8 drop=0
[DATA] seq=236 t=47200 temp=24.40 C dist=732 mm
[DATA] seq=237 t=47400 temp=24.30 C dist=769 mm
[DATA] seq=238 t=47600 temp=24.20 C dist=806 mm
[DATA] seq=239 t=47800 temp=24.10 C dist=843 mm
[DATA] seq=240 t=48000 temp=24.00 C dist=880 mm
[HB] tick=48154 q=0/8 drop=0
[DATA] seq=241 t=48200 temp=24.10 C dist=917 mm
[DATA] seq=242 t=48400 temp=24.20 C dist=954 mm
[DATA] seq=243 t=48600 temp=24.30 C dist=991 mm
[DATA] seq=244 t=48800 temp=24.40 C dist=128 mm
[DATA] seq=245 t=49000 temp=24.50 C dist=165 mm
[HB] tick=49156 q=0/8 drop=0
[STK] min free bytes: LED=384 HB=1432 Prod=792 Cons=1432
[DATA] seq=246 t=49200 temp=24.60 C dist=202 mm
[DATA] seq=247 t=49400 temp=24.70 C dist=239 mm
[DATA] seq=248 t=49600 temp=24.80 C dist=276 mm
[DATA] seq=249 t=49800 temp=24.90 C dist=313 mm
[DATA] seq=250 t=50000 temp=25.00 C dist=350 mm
[HB] tick=50164 q=0/8 drop=0
[DATA] seq=251 t=50200 temp=25.10 C dist=387 mm
[DATA] seq=252