=~=~=~=~=~=~=~=~=~=~=~= PuTTY log 2026.09.28 15:39:31 =~=~=~=~=~=~=~=~=~=~=~=
[DATA] seq=76 t=15200 temp=24.40 [DATA] seq=14 t=5019 temp=25.40 C dist=618 mm
[HB] tick=14055 q=8/8 drop=0
[STK] min free bytes: LED=384 HB=1432 Prod=792 Cons=1432

=== f446-rtos-logger day1 boot ===
[DATA] seq=0 t=0 temp=24.00 C dist=100 mm
[HB] tick=3 q=0/8 drop=0
[DATA] seq=1 t=200 temp=24.10 C dist=137 mm
[HB] tick=1007 q=4/8 drop=0
[DATA] seq=2 t=400 temp=24.20 C dist=174 mm
[HB] tick=2010 q=8/8 drop=0
[DATA] seq=3 t=600 temp=24.30 C dist=211 mm
[HB] tick=3013 q=8/8 drop=0
[DATA] seq=4 t=800 temp=24.40 C dist=248 mm
[HB] tick=4016 q=8/8 drop=0
[STK] min free bytes: LED=384 HB=1432 Prod=792 Cons=1432
[DATA] seq=5 t=1000 temp=24.50 C dist=285 mm
[HB] tick=5024 q=8/8 drop=0
[DATA] seq=6 t=1200 temp=24.60 C dist=322 mm
[HB] tick=6026 q=8/8 drop=0
[DATA] seq=7 t=1400 temp=24.70 C dist=359 mm
[HB] tick=7028 q=8/8 drop=0
[DATA] seq=8 t=1600 temp=24.80 C dist=396 mm
[HB] tick=8031 q=8/8 drop=0
[DATA] seq=9 t=1800 temp=24.90 C dist=433 mm
[HB] tick=9035 q=8/8 drop=0
[STK] min free bytes: LED=384 HB=1432 Prod=792 Cons=1432
[DATA] seq=10 t=2000 temp=25.00 C dist=470 mm
[HB] tick=10043 q=8/8 drop=0
[DATA] seq=11 t=2200 temp=25.10 C dist=507 mm
[HB] tick=11045 q=8/8 drop=0
[DATA] seq=12 t=3013 temp=25.20 C dist=544 mm
[HB] tick=12047 q=8/8 drop=0
[DATA] seq=13 t=4016 temp=25.30 C dist=581 mm
[HB] tick=13051 q=8/8 drop=0
[DATA] seq=14 t=5019 temp=25.40 C dist=618 mm
[HB] tick=14055 q=8/8 drop=0
[STK] min free bytes: LED=368 HB=1432 Prod=792 Cons=1432
[DATA] seq=15 t=6023 temp=25.50 C dist=655 mm
[HB] tick=15063 q=8/8 drop=0
[DATA] seq=16 t=7027 temp=25.60 C dist=692 mm
[HB] tick=16065 q=8/8 drop=0
[DATA] seq=17 t=8031 temp=25.70 C dist=729 mm
[HB] tick=17067 q=8/8 drop=0
[DATA] seq=18 t=9035 temp=25.80 C dist=766 mm
[HB] tick=18071 q=8/8 drop=0
[DATA] seq=19 t=10039 temp=25.90 C dist=803 mm
[HB] tick=19075 q=8/8 drop=0
[STK] min free bytes: LED=368 HB=1432 Prod=792 Cons=1432
[DATA] seq=20 t=11043 temp=26.00 C dist=840 mm
[HB] tick=20083 q=8/8 drop=0
[DATA] seq=21 t=12047 temp=25.90 C dist=877 mm
[HB] tick=21085 q=8/8 drop=0
[DATA] seq=22 t=13051 temp=25.80 C dist=914 mm
[HB] tick=22087 q=8/8 drop=0
[DATA] seq=23 t=14055 temp=25.70 C dist=951 mm
[HB] tick=23091 q=8/8 drop=0
[DATA] seq=24 t=15059 temp=25.60 C dist=988 mm
[HB] tick=24095 q=8/8 drop=0
[STK] min free bytes: LED=368 HB=1432 Prod=792 Cons=1432
[DATA] seq=25 t=16063 temp=25.50 C dist=125 mm
[HB] tick=25103 q=8/8 drop=0
[DATA] seq=26 t=17067 temp=25.40 C dist=162 mm
[HB] tick=26105 q=8/8 drop=0
[DATA] seq=27 t=18071 temp=25.30 C dist=199 mm
[HB] tick=27107 q=8/8 drop=0
[DATA] seq=28 t=19075 temp=25.20 C dist=236 mm
[HB] tick=28111 q=8/8 drop=0
[DATA] seq=29 t=20079 temp=25.10 C dist=273 mm
[HB] tick=29115 q=8/8 drop=0
[STK] min free bytes: LED=368 HB=1432 Prod=792 Cons=1432
[DATA] seq=30 t=21083 temp=25.00 C dist=310 mm
[HB] tick=30123 q=8/8 drop=0
[DATA] seq=31 t=22087 temp=24.90 C dist=347 mm
[HB] tick=31125 q=8/8 drop=0
[DATA] seq=32 t=23091 temp=24.80 C dist=384 mm
[HB] tick=32127 q=8/8 drop=0
[DATA] seq=33 t=24095 temp=24.70 C dist=421 mm
[HB] tick=33131 q=8/8 drop=0
[DATA] seq=34 t=25099 temp=24.60 C dist=458 mm
[HB] tick=34135 q=8/8 drop=0
[STK] min free bytes: LED=368 HB=1432 Prod=792 Cons=1432
[DATA] seq=35 t=26103 temp=24.50 C dist=495 mm
[HB] tick=35143 q=8/8 drop=0
[DATA] seq=36 t=27107 temp=24.40 C dist=532 mm
[HB] tick=36145 q=8/8 drop=0
[DATA] seq=37 t=28111 temp=24.30 C dist=569 mm
[HB] tick=37147 q=8/8 drop=0
[DATA] seq=38 t=29115 temp=24.20 C dist=606 mm
[HB] tick=38151 q=8/8 drop=0
[DATA] seq=39 t=30119 temp=24.10 C dist=643 mm
[HB] tick=39155 q=8/8 drop=0
[STK] min free bytes: LED=368 HB=1432 Prod=792 Cons=1432
[DATA] seq=40 t=31123 temp=24.00 C dist=680 mm
[HB] tick=40163 q=8/8 drop=0
[DATA] seq=41 t=32127 temp=24.10 C dist=717 mm
[HB] tick=41165 q=8/8 drop=0
[DATA] seq=42 t=33131 temp=24.20 C dist=754 mm
[HB] tick=42167 q=8/8 drop=0
[DATA] seq=43 t=34135 temp=24.30 C dist=791 mm
[HB] tick=43171 q=8/8 drop=0
[DATA] seq=44 t=35139 temp=24.40 C dist=828 mm
[HB] tick=44175 q=8/8 drop=0
[STK] min free bytes: LED=368 HB=1432 Prod=792 Cons=1432
[DATA] seq=45 t=36143 temp=24.50 C dist=865 mm
[HB] tick=45183 q=8/8 drop=0
[DATA] seq=